

================================================================
== Vivado HLS Report for 'xFPyrDownGaussianBlu_1'
================================================================
* Date:           Wed Mar  4 23:28:37 2020

* Version:        2019.1 (Build 2552052 on Fri May 24 15:28:33 MDT 2019)
* Project:        test_blend
* Solution:       solution1
* Product family: zynq
* Target device:  xc7z020-clg484-1


================================================================
== Performance Estimates
================================================================
+ Timing (ns): 
    * Summary: 
    +--------+-------+----------+------------+
    |  Clock | Target| Estimated| Uncertainty|
    +--------+-------+----------+------------+
    |ap_clk  |  10.00|    10.400|        1.25|
    +--------+-------+----------+------------+

+ Latency (clock cycles): 
    * Summary: 
    +-----+---------+-----+---------+---------+
    |    Latency    |    Interval   | Pipeline|
    | min |   max   | min |   max   |   Type  |
    +-----+---------+-----+---------+---------+
    |  134|  1290121|  134|  1290121|   none  |
    +-----+---------+-----+---------+---------+

    + Detail: 
        * Instance: 
        +---------------------------------+-----------------------+-----+---------+-----+---------+---------+
        |                                 |                       |    Latency    |    Interval   | Pipeline|
        |             Instance            |         Module        | min |   max   | min |   max   |   Type  |
        +---------------------------------+-----------------------+-----+---------+-----+---------+---------+
        |grp_xf_pyrdown_gaussian_s_fu_66  |xf_pyrdown_gaussian_s  |  133|  1290120|  133|  1290120|   none  |
        +---------------------------------+-----------------------+-----+---------+-----+---------+---------+

        * Loop: 
        N/A



================================================================
== Utilization Estimates
================================================================
* Summary: 
+-----------------+---------+-------+--------+-------+-----+
|       Name      | BRAM_18K| DSP48E|   FF   |  LUT  | URAM|
+-----------------+---------+-------+--------+-------+-----+
|DSP              |        -|      -|       -|      -|    -|
|Expression       |        -|      -|       0|      2|    -|
|FIFO             |        -|      -|       -|      -|    -|
|Instance         |       10|     71|    9686|  12332|    0|
|Memory           |        -|      -|       -|      -|    -|
|Multiplexer      |        -|      -|       -|     96|    -|
|Register         |        -|      -|      26|      -|    -|
+-----------------+---------+-------+--------+-------+-----+
|Total            |       10|     71|    9712|  12430|    0|
+-----------------+---------+-------+--------+-------+-----+
|Available        |      280|    220|  106400|  53200|    0|
+-----------------+---------+-------+--------+-------+-----+
|Utilization (%)  |        3|     32|       9|     23|    0|
+-----------------+---------+-------+--------+-------+-----+

+ Detail: 
    * Instance: 
    +---------------------------------+-----------------------+---------+-------+------+-------+-----+
    |             Instance            |         Module        | BRAM_18K| DSP48E|  FF  |  LUT  | URAM|
    +---------------------------------+-----------------------+---------+-------+------+-------+-----+
    |grp_xf_pyrdown_gaussian_s_fu_66  |xf_pyrdown_gaussian_s  |       10|     71|  9686|  12332|    0|
    +---------------------------------+-----------------------+---------+-------+------+-------+-----+
    |Total                            |                       |       10|     71|  9686|  12332|    0|
    +---------------------------------+-----------------------+---------+-------+------+-------+-----+

    * DSP48E: 
    N/A

    * Memory: 
    N/A

    * FIFO: 
    N/A

    * Expression: 
    +-----------------+----------+-------+---+----+------------+------------+
    |  Variable Name  | Operation| DSP48E| FF| LUT| Bitwidth P0| Bitwidth P1|
    +-----------------+----------+-------+---+----+------------+------------+
    |ap_block_state1  |    or    |      0|  0|   2|           1|           1|
    +-----------------+----------+-------+---+----+------------+------------+
    |Total            |          |      0|  0|   2|           1|           1|
    +-----------------+----------+-------+---+----+------------+------------+

    * Multiplexer: 
    +---------------------------------+----+-----------+-----+-----------+
    |               Name              | LUT| Input Size| Bits| Total Bits|
    +---------------------------------+----+-----------+-----+-----------+
    |ap_NS_fsm                        |  15|          3|    1|          3|
    |ap_done                          |   9|          2|    1|          2|
    |imageA_cols_load4_loc_blk_n      |   9|          2|    1|          2|
    |imageA_cols_load4_loc_out_blk_n  |   9|          2|    1|          2|
    |imageA_rows_load3_loc_blk_n      |   9|          2|    1|          2|
    |imageA_rows_load3_loc_out_blk_n  |   9|          2|    1|          2|
    |p_dst_V_V_write                  |   9|          2|    1|          2|
    |p_src_A_V_V_read                 |   9|          2|    1|          2|
    |p_src_B_V_V_read                 |   9|          2|    1|          2|
    |real_start                       |   9|          2|    1|          2|
    +---------------------------------+----+-----------+-----+-----------+
    |Total                            |  96|         21|   10|         21|
    +---------------------------------+----+-----------+-----+-----------+

    * Register: 
    +----------------------------------------------+----+----+-----+-----------+
    |                     Name                     | FF | LUT| Bits| Const Bits|
    +----------------------------------------------+----+----+-----+-----------+
    |ap_CS_fsm                                     |   2|   0|    2|          0|
    |ap_done_reg                                   |   1|   0|    1|          0|
    |grp_xf_pyrdown_gaussian_s_fu_66_ap_start_reg  |   1|   0|    1|          0|
    |sext_ln437_1_reg_93                           |  11|   0|   11|          0|
    |sext_ln437_reg_88                             |  10|   0|   10|          0|
    |start_once_reg                                |   1|   0|    1|          0|
    +----------------------------------------------+----+----+-----+-----------+
    |Total                                         |  26|   0|   26|          0|
    +----------------------------------------------+----+----+-----+-----------+



================================================================
== Interface
================================================================
* Summary: 
+----------------------------------+-----+-----+------------+---------------------------+--------------+
|             RTL Ports            | Dir | Bits|  Protocol  |       Source Object       |    C Type    |
+----------------------------------+-----+-----+------------+---------------------------+--------------+
|ap_clk                            |  in |    1| ap_ctrl_hs |   xFPyrDownGaussianBlu.1  | return value |
|ap_rst                            |  in |    1| ap_ctrl_hs |   xFPyrDownGaussianBlu.1  | return value |
|ap_start                          |  in |    1| ap_ctrl_hs |   xFPyrDownGaussianBlu.1  | return value |
|start_full_n                      |  in |    1| ap_ctrl_hs |   xFPyrDownGaussianBlu.1  | return value |
|ap_done                           | out |    1| ap_ctrl_hs |   xFPyrDownGaussianBlu.1  | return value |
|ap_continue                       |  in |    1| ap_ctrl_hs |   xFPyrDownGaussianBlu.1  | return value |
|ap_idle                           | out |    1| ap_ctrl_hs |   xFPyrDownGaussianBlu.1  | return value |
|ap_ready                          | out |    1| ap_ctrl_hs |   xFPyrDownGaussianBlu.1  | return value |
|start_out                         | out |    1| ap_ctrl_hs |   xFPyrDownGaussianBlu.1  | return value |
|start_write                       | out |    1| ap_ctrl_hs |   xFPyrDownGaussianBlu.1  | return value |
|p_src_A_V_V_dout                  |  in |    8|   ap_fifo  |        p_src_A_V_V        |    pointer   |
|p_src_A_V_V_empty_n               |  in |    1|   ap_fifo  |        p_src_A_V_V        |    pointer   |
|p_src_A_V_V_read                  | out |    1|   ap_fifo  |        p_src_A_V_V        |    pointer   |
|p_src_B_V_V_dout                  |  in |    8|   ap_fifo  |        p_src_B_V_V        |    pointer   |
|p_src_B_V_V_empty_n               |  in |    1|   ap_fifo  |        p_src_B_V_V        |    pointer   |
|p_src_B_V_V_read                  | out |    1|   ap_fifo  |        p_src_B_V_V        |    pointer   |
|p_dst_V_V_din                     | out |    8|   ap_fifo  |         p_dst_V_V         |    pointer   |
|p_dst_V_V_full_n                  |  in |    1|   ap_fifo  |         p_dst_V_V         |    pointer   |
|p_dst_V_V_write                   | out |    1|   ap_fifo  |         p_dst_V_V         |    pointer   |
|imageA_rows_load3_loc_dout        |  in |    9|   ap_fifo  |   imageA_rows_load3_loc   |    pointer   |
|imageA_rows_load3_loc_empty_n     |  in |    1|   ap_fifo  |   imageA_rows_load3_loc   |    pointer   |
|imageA_rows_load3_loc_read        | out |    1|   ap_fifo  |   imageA_rows_load3_loc   |    pointer   |
|imageA_cols_load4_loc_dout        |  in |   10|   ap_fifo  |   imageA_cols_load4_loc   |    pointer   |
|imageA_cols_load4_loc_empty_n     |  in |    1|   ap_fifo  |   imageA_cols_load4_loc   |    pointer   |
|imageA_cols_load4_loc_read        | out |    1|   ap_fifo  |   imageA_cols_load4_loc   |    pointer   |
|imageA_rows_load3_loc_out_din     | out |    9|   ap_fifo  | imageA_rows_load3_loc_out |    pointer   |
|imageA_rows_load3_loc_out_full_n  |  in |    1|   ap_fifo  | imageA_rows_load3_loc_out |    pointer   |
|imageA_rows_load3_loc_out_write   | out |    1|   ap_fifo  | imageA_rows_load3_loc_out |    pointer   |
|imageA_cols_load4_loc_out_din     | out |   10|   ap_fifo  | imageA_cols_load4_loc_out |    pointer   |
|imageA_cols_load4_loc_out_full_n  |  in |    1|   ap_fifo  | imageA_cols_load4_loc_out |    pointer   |
|imageA_cols_load4_loc_out_write   | out |    1|   ap_fifo  | imageA_cols_load4_loc_out |    pointer   |
+----------------------------------+-----+-----+------------+---------------------------+--------------+

